The following modules were not unloaded:
  (Use "module --force purge" to unload all):

  1) CCconfig         4) imkl/2020.1.217    7) libfabric/1.10.1
  2) gentoo/2020      5) intel/2020.1.217   8) openmpi/4.0.3
  3) gcccore/.9.3.0   6) ucx/1.8.0          9) StdEnv/2020
INFO:    underlay of /etc/localtime required more than 50 (68) bind mounts
INFO:    underlay of /usr/bin/nvidia-smi required more than 50 (206) bind mounts
/opt/conda/lib/python3.10/site-packages/torchvision/io/image.py:13: UserWarning: Failed to load image Python extension: libtorch_cuda_cu.so: cannot open shared object file: No such file or directory
  warn(f"Failed to load image Python extension: {e}")
Using 16bit Automatic Mixed Precision (AMP)
GPU available: True (cuda), used: True
TPU available: False, using: 0 TPU cores
IPU available: False, using: 0 IPUs
HPU available: False, using: 0 HPUs
/opt/conda/lib/python3.10/site-packages/pytorch_lightning/trainer/configuration_validator.py:70: UserWarning: You passed in a `val_dataloader` but have no `validation_step`. Skipping val loop.
  rank_zero_warn("You passed in a `val_dataloader` but have no `validation_step`. Skipping val loop.")
Initializing distributed: GLOBAL_RANK: 0, MEMBER: 1/2
/opt/conda/lib/python3.10/site-packages/torchvision/io/image.py:13: UserWarning: Failed to load image Python extension: libtorch_cuda_cu.so: cannot open shared object file: No such file or directory
  warn(f"Failed to load image Python extension: {e}")
Initializing distributed: GLOBAL_RANK: 1, MEMBER: 2/2
----------------------------------------------------------------------------------------------------
distributed_backend=nccl
All distributed processes registered. Starting with 2 processes
----------------------------------------------------------------------------------------------------

LOCAL_RANK: 0 - CUDA_VISIBLE_DEVICES: [0,1]
LOCAL_RANK: 1 - CUDA_VISIBLE_DEVICES: [0,1]

  | Name      | Type                  | Params | In sizes | Out sizes
---------------------------------------------------------------------------
0 | model     | RydbergEncoderDecoder | 66.6 K | ?        | ?        
1 | criterion | NLLLoss               | 0      | ?        | ?        
---------------------------------------------------------------------------
66.6 K    Trainable params
0         Non-trainable params
66.6 K    Total params
0.266     Total estimated model params size (MB)
/opt/conda/lib/python3.10/site-packages/pytorch_lightning/trainer/connectors/data_connector.py:430: PossibleUserWarning: The dataloader, train_dataloader, does not have many workers which may be a bottleneck. Consider increasing the value of the `num_workers` argument` (try 40 which is the number of cpus on this machine) in the `DataLoader` init to improve performance.
  rank_zero_warn(
pytorch version: 2.0.1+cu117
is cuda available: True
cuda version: 11.7
fix: yaml_path = /myDir/config/config_small.yaml
device = cuda
cuda device count = 2
fix: data_path = /myDir/data
fix: log_path =/myDir/logs/lightning_logs/version_3
set max_epochs=1
fix: removed is_causal=True
fix: removed is_causal=True
fix: removed is_causal=True
fix: removed is_causal=True
fix: removed is_causal=True
fix: removed is_causal=True

Training: 0it [00:00, ?it/s]Swapping scheduler `CosineAnnealingWarmRestarts` for `SWALR`

Training:   0%|          | 0/63 [00:00<?, ?it/s]
Epoch 0:   0%|          | 0/63 [00:00<?, ?it/s] fix: removed is_causal=True
fix: removed is_causal=True
fix: removed is_causal=True

Epoch 0:   2%|▏         | 1/63 [00:06<07:00,  6.79s/it]
Epoch 0:   2%|▏         | 1/63 [00:06<07:00,  6.79s/it, v_num=3]STAGE:2023-05-09 23:52:36 38721:38721 ActivityProfilerController.cpp:311] Completed Stage: Warm Up
STAGE:2023-05-09 23:52:36 38965:38965 ActivityProfilerController.cpp:311] Completed Stage: Warm Up
fix: removed is_causal=True
fix: removed is_causal=True
fix: removed is_causal=True

Epoch 0:   3%|▎         | 2/63 [00:11<06:03,  5.95s/it, v_num=3]
Epoch 0:   3%|▎         | 2/63 [00:11<06:03,  5.95s/it, v_num=3]fix: removed is_causal=True
fix: removed is_causal=True
fix: removed is_causal=True

Epoch 0:   5%|▍         | 3/63 [00:16<05:39,  5.66s/it, v_num=3]
Epoch 0:   5%|▍         | 3/63 [00:16<05:39,  5.66s/it, v_num=3]fix: removed is_causal=True
fix: removed is_causal=True
fix: removed is_causal=True

Epoch 0:   6%|▋         | 4/63 [00:22<05:26,  5.53s/it, v_num=3]
Epoch 0:   6%|▋         | 4/63 [00:22<05:26,  5.53s/it, v_num=3]STAGE:2023-05-09 23:52:53 38721:38721 ActivityProfilerController.cpp:317] Completed Stage: Collection
STAGE:2023-05-09 23:52:53 38965:38965 ActivityProfilerController.cpp:317] Completed Stage: Collection
STAGE:2023-05-09 23:52:53 38721:38721 ActivityProfilerController.cpp:321] Completed Stage: Post Processing
STAGE:2023-05-09 23:52:53 38965:38965 ActivityProfilerController.cpp:321] Completed Stage: Post Processing
[W collection.cpp:496] Warning: [pl][profile][LightningModule]RydbergGPTTrainer.optimizer_step (function operator())
[W collection.cpp:496] Warning: [pl][profile][LightningModule]RydbergGPTTrainer.optimizer_step (function operator())
fix: removed is_causal=True
fix: removed is_causal=True
fix: removed is_causal=True

Epoch 0:   8%|▊         | 5/63 [00:32<06:14,  6.46s/it, v_num=3]
Epoch 0:   8%|▊         | 5/63 [00:32<06:15,  6.47s/it, v_num=3]fix: removed is_causal=True
fix: removed is_causal=True
fix: removed is_causal=True

Epoch 0:  10%|▉         | 6/63 [00:37<05:55,  6.23s/it, v_num=3]
Epoch 0:  10%|▉         | 6/63 [00:37<05:55,  6.23s/it, v_num=3]fix: removed is_causal=True
fix: removed is_causal=True
fix: removed is_causal=True

Epoch 0:  11%|█         | 7/63 [00:42<05:40,  6.08s/it, v_num=3]
Epoch 0:  11%|█         | 7/63 [00:42<05:40,  6.08s/it, v_num=3]fix: removed is_causal=True
fix: removed is_causal=True
fix: removed is_causal=True

Epoch 0:  13%|█▎        | 8/63 [00:48<05:34,  6.09s/it, v_num=3]
Epoch 0:  13%|█▎        | 8/63 [00:48<05:34,  6.09s/it, v_num=3]fix: removed is_causal=True
fix: removed is_causal=True
fix: removed is_causal=True

Epoch 0:  14%|█▍        | 9/63 [00:53<05:22,  5.97s/it, v_num=3]
Epoch 0:  14%|█▍        | 9/63 [00:53<05:22,  5.97s/it, v_num=3]fix: removed is_causal=True
fix: removed is_causal=True
fix: removed is_causal=True

Epoch 0:  16%|█▌        | 10/63 [00:58<05:11,  5.88s/it, v_num=3]
Epoch 0:  16%|█▌        | 10/63 [00:58<05:11,  5.88s/it, v_num=3]fix: removed is_causal=True
fix: removed is_causal=True
fix: removed is_causal=True

Epoch 0:  17%|█▋        | 11/63 [01:03<05:01,  5.80s/it, v_num=3]
Epoch 0:  17%|█▋        | 11/63 [01:03<05:01,  5.80s/it, v_num=3]fix: removed is_causal=True
fix: removed is_causal=True
fix: removed is_causal=True

Epoch 0:  19%|█▉        | 12/63 [01:08<04:52,  5.74s/it, v_num=3]
Epoch 0:  19%|█▉        | 12/63 [01:08<04:52,  5.74s/it, v_num=3]fix: removed is_causal=True
fix: removed is_causal=True
fix: removed is_causal=True

Epoch 0:  21%|██        | 13/63 [01:13<04:44,  5.69s/it, v_num=3]
Epoch 0:  21%|██        | 13/63 [01:13<04:44,  5.69s/it, v_num=3]fix: removed is_causal=True
fix: removed is_causal=True
fix: removed is_causal=True

Epoch 0:  22%|██▏       | 14/63 [01:19<04:36,  5.64s/it, v_num=3]
Epoch 0:  22%|██▏       | 14/63 [01:19<04:36,  5.64s/it, v_num=3]fix: removed is_causal=True
fix: removed is_causal=True
fix: removed is_causal=True

Epoch 0:  24%|██▍       | 15/63 [01:27<04:41,  5.86s/it, v_num=3]
Epoch 0:  24%|██▍       | 15/63 [01:27<04:41,  5.86s/it, v_num=3]fix: removed is_causal=True
fix: removed is_causal=True
fix: removed is_causal=True

Epoch 0:  25%|██▌       | 16/63 [01:32<04:32,  5.80s/it, v_num=3]
Epoch 0:  25%|██▌       | 16/63 [01:32<04:32,  5.80s/it, v_num=3]fix: removed is_causal=True
fix: removed is_causal=True
fix: removed is_causal=True

Epoch 0:  27%|██▋       | 17/63 [01:38<04:25,  5.77s/it, v_num=3]
Epoch 0:  27%|██▋       | 17/63 [01:38<04:25,  5.77s/it, v_num=3]fix: removed is_causal=True
fix: removed is_causal=True
fix: removed is_causal=True

Epoch 0:  29%|██▊       | 18/63 [01:43<04:17,  5.73s/it, v_num=3]
Epoch 0:  29%|██▊       | 18/63 [01:43<04:17,  5.73s/it, v_num=3]fix: removed is_causal=True
fix: removed is_causal=True
fix: removed is_causal=True

Epoch 0:  30%|███       | 19/63 [01:48<04:10,  5.70s/it, v_num=3]
Epoch 0:  30%|███       | 19/63 [01:48<04:10,  5.70s/it, v_num=3]fix: removed is_causal=True
fix: removed is_causal=True
fix: removed is_causal=True

Epoch 0:  32%|███▏      | 20/63 [01:53<04:03,  5.66s/it, v_num=3]
Epoch 0:  32%|███▏      | 20/63 [01:53<04:03,  5.66s/it, v_num=3]fix: removed is_causal=True
fix: removed is_causal=True
fix: removed is_causal=True

Epoch 0:  33%|███▎      | 21/63 [01:58<03:57,  5.64s/it, v_num=3]
Epoch 0:  33%|███▎      | 21/63 [01:58<03:57,  5.64s/it, v_num=3]fix: removed is_causal=True
fix: removed is_causal=True
fix: removed is_causal=True

Epoch 0:  35%|███▍      | 22/63 [02:07<03:57,  5.80s/it, v_num=3]
Epoch 0:  35%|███▍      | 22/63 [02:07<03:57,  5.80s/it, v_num=3]fix: removed is_causal=True
fix: removed is_causal=True
fix: removed is_causal=True

Epoch 0:  37%|███▋      | 23/63 [02:12<03:50,  5.76s/it, v_num=3]
Epoch 0:  37%|███▋      | 23/63 [02:12<03:50,  5.76s/it, v_num=3]fix: removed is_causal=True
fix: removed is_causal=True
fix: removed is_causal=True

Epoch 0:  38%|███▊      | 24/63 [02:17<03:43,  5.73s/it, v_num=3]
Epoch 0:  38%|███▊      | 24/63 [02:17<03:43,  5.73s/it, v_num=3]fix: removed is_causal=True
fix: removed is_causal=True
fix: removed is_causal=True

Epoch 0:  40%|███▉      | 25/63 [02:22<03:37,  5.71s/it, v_num=3]
Epoch 0:  40%|███▉      | 25/63 [02:22<03:37,  5.71s/it, v_num=3]fix: removed is_causal=True
fix: removed is_causal=True
fix: removed is_causal=True

Epoch 0:  41%|████▏     | 26/63 [02:27<03:30,  5.69s/it, v_num=3]
Epoch 0:  41%|████▏     | 26/63 [02:27<03:30,  5.69s/it, v_num=3]fix: removed is_causal=True
fix: removed is_causal=True
fix: removed is_causal=True

Epoch 0:  43%|████▎     | 27/63 [02:33<03:24,  5.67s/it, v_num=3]
Epoch 0:  43%|████▎     | 27/63 [02:33<03:24,  5.67s/it, v_num=3]fix: removed is_causal=True
fix: removed is_causal=True
fix: removed is_causal=True

Epoch 0:  44%|████▍     | 28/63 [02:38<03:17,  5.65s/it, v_num=3]
Epoch 0:  44%|████▍     | 28/63 [02:38<03:17,  5.65s/it, v_num=3]fix: removed is_causal=True
fix: removed is_causal=True
fix: removed is_causal=True

Epoch 0:  46%|████▌     | 29/63 [02:43<03:11,  5.63s/it, v_num=3]
Epoch 0:  46%|████▌     | 29/63 [02:43<03:11,  5.63s/it, v_num=3]fix: removed is_causal=True
fix: removed is_causal=True
fix: removed is_causal=True

Epoch 0:  48%|████▊     | 30/63 [02:52<03:09,  5.74s/it, v_num=3]
Epoch 0:  48%|████▊     | 30/63 [02:52<03:09,  5.74s/it, v_num=3]fix: removed is_causal=True
fix: removed is_causal=True
fix: removed is_causal=True

Epoch 0:  49%|████▉     | 31/63 [02:57<03:02,  5.71s/it, v_num=3]
Epoch 0:  49%|████▉     | 31/63 [02:57<03:02,  5.71s/it, v_num=3]fix: removed is_causal=True
fix: removed is_causal=True
fix: removed is_causal=True

Epoch 0:  51%|█████     | 32/63 [03:02<02:56,  5.70s/it, v_num=3]
Epoch 0:  51%|█████     | 32/63 [03:02<02:56,  5.70s/it, v_num=3]fix: removed is_causal=True
fix: removed is_causal=True
fix: removed is_causal=True

Epoch 0:  52%|█████▏    | 33/63 [03:07<02:50,  5.68s/it, v_num=3]
Epoch 0:  52%|█████▏    | 33/63 [03:07<02:50,  5.68s/it, v_num=3]fix: removed is_causal=True
fix: removed is_causal=True
fix: removed is_causal=True

Epoch 0:  54%|█████▍    | 34/63 [03:12<02:44,  5.66s/it, v_num=3]
Epoch 0:  54%|█████▍    | 34/63 [03:12<02:44,  5.66s/it, v_num=3]fix: removed is_causal=True
fix: removed is_causal=True
fix: removed is_causal=True

Epoch 0:  56%|█████▌    | 35/63 [03:17<02:38,  5.64s/it, v_num=3]
Epoch 0:  56%|█████▌    | 35/63 [03:17<02:38,  5.64s/it, v_num=3]fix: removed is_causal=True
fix: removed is_causal=True
fix: removed is_causal=True

Epoch 0:  57%|█████▋    | 36/63 [03:22<02:31,  5.63s/it, v_num=3]
Epoch 0:  57%|█████▋    | 36/63 [03:22<02:31,  5.63s/it, v_num=3]fix: removed is_causal=True
fix: removed is_causal=True
fix: removed is_causal=True

Epoch 0:  59%|█████▊    | 37/63 [03:31<02:28,  5.72s/it, v_num=3]
Epoch 0:  59%|█████▊    | 37/63 [03:31<02:28,  5.72s/it, v_num=3]fix: removed is_causal=True
fix: removed is_causal=True
fix: removed is_causal=True

Epoch 0:  60%|██████    | 38/63 [03:36<02:22,  5.70s/it, v_num=3]
Epoch 0:  60%|██████    | 38/63 [03:36<02:22,  5.70s/it, v_num=3]fix: removed is_causal=True
fix: removed is_causal=True
fix: removed is_causal=True

Epoch 0:  62%|██████▏   | 39/63 [03:41<02:16,  5.68s/it, v_num=3]
Epoch 0:  62%|██████▏   | 39/63 [03:41<02:16,  5.68s/it, v_num=3]fix: removed is_causal=True
fix: removed is_causal=True
fix: removed is_causal=True

Epoch 0:  63%|██████▎   | 40/63 [03:46<02:10,  5.66s/it, v_num=3]
Epoch 0:  63%|██████▎   | 40/63 [03:46<02:10,  5.66s/it, v_num=3]fix: removed is_causal=True
fix: removed is_causal=True
fix: removed is_causal=True

Epoch 0:  65%|██████▌   | 41/63 [03:51<02:04,  5.65s/it, v_num=3]
Epoch 0:  65%|██████▌   | 41/63 [03:51<02:04,  5.65s/it, v_num=3]fix: removed is_causal=True
fix: removed is_causal=True
fix: removed is_causal=True

Epoch 0:  67%|██████▋   | 42/63 [03:56<01:58,  5.64s/it, v_num=3]
Epoch 0:  67%|██████▋   | 42/63 [03:56<01:58,  5.64s/it, v_num=3]fix: removed is_causal=True
fix: removed is_causal=True
fix: removed is_causal=True

Epoch 0:  68%|██████▊   | 43/63 [04:01<01:52,  5.62s/it, v_num=3]
Epoch 0:  68%|██████▊   | 43/63 [04:01<01:52,  5.62s/it, v_num=3]fix: removed is_causal=True
fix: removed is_causal=True
fix: removed is_causal=True

Epoch 0:  70%|██████▉   | 44/63 [04:10<01:48,  5.70s/it, v_num=3]
Epoch 0:  70%|██████▉   | 44/63 [04:10<01:48,  5.70s/it, v_num=3]fix: removed is_causal=True
fix: removed is_causal=True
fix: removed is_causal=True

Epoch 0:  71%|███████▏  | 45/63 [04:15<01:42,  5.68s/it, v_num=3]
Epoch 0:  71%|███████▏  | 45/63 [04:15<01:42,  5.68s/it, v_num=3]fix: removed is_causal=True
fix: removed is_causal=True
fix: removed is_causal=True

Epoch 0:  73%|███████▎  | 46/63 [04:20<01:36,  5.66s/it, v_num=3]
Epoch 0:  73%|███████▎  | 46/63 [04:20<01:36,  5.66s/it, v_num=3]fix: removed is_causal=True
fix: removed is_causal=True
fix: removed is_causal=True

Epoch 0:  75%|███████▍  | 47/63 [04:25<01:30,  5.65s/it, v_num=3]
Epoch 0:  75%|███████▍  | 47/63 [04:25<01:30,  5.65s/it, v_num=3]fix: removed is_causal=True
fix: removed is_causal=True
fix: removed is_causal=True

Epoch 0:  76%|███████▌  | 48/63 [04:30<01:24,  5.63s/it, v_num=3]
Epoch 0:  76%|███████▌  | 48/63 [04:30<01:24,  5.63s/it, v_num=3]fix: removed is_causal=True
fix: removed is_causal=True
fix: removed is_causal=True

Epoch 0:  78%|███████▊  | 49/63 [04:35<01:18,  5.62s/it, v_num=3]
Epoch 0:  78%|███████▊  | 49/63 [04:35<01:18,  5.62s/it, v_num=3]fix: removed is_causal=True
fix: removed is_causal=True
fix: removed is_causal=True

Epoch 0:  79%|███████▉  | 50/63 [04:40<01:13,  5.62s/it, v_num=3]
Epoch 0:  79%|███████▉  | 50/63 [04:40<01:13,  5.62s/it, v_num=3]fix: removed is_causal=True
fix: removed is_causal=True
fix: removed is_causal=True

Epoch 0:  81%|████████  | 51/63 [04:45<01:07,  5.61s/it, v_num=3]
Epoch 0:  81%|████████  | 51/63 [04:45<01:07,  5.61s/it, v_num=3]fix: removed is_causal=True
fix: removed is_causal=True
fix: removed is_causal=True

Epoch 0:  83%|████████▎ | 52/63 [04:54<01:02,  5.67s/it, v_num=3]
Epoch 0:  83%|████████▎ | 52/63 [04:54<01:02,  5.67s/it, v_num=3]fix: removed is_causal=True
fix: removed is_causal=True
fix: removed is_causal=True

Epoch 0:  84%|████████▍ | 53/63 [04:59<00:56,  5.66s/it, v_num=3]
Epoch 0:  84%|████████▍ | 53/63 [04:59<00:56,  5.66s/it, v_num=3]fix: removed is_causal=True
fix: removed is_causal=True
fix: removed is_causal=True

Epoch 0:  86%|████████▌ | 54/63 [05:04<00:50,  5.65s/it, v_num=3]
Epoch 0:  86%|████████▌ | 54/63 [05:04<00:50,  5.65s/it, v_num=3]fix: removed is_causal=True
fix: removed is_causal=True
fix: removed is_causal=True

Epoch 0:  87%|████████▋ | 55/63 [05:09<00:45,  5.64s/it, v_num=3]
Epoch 0:  87%|████████▋ | 55/63 [05:09<00:45,  5.64s/it, v_num=3]fix: removed is_causal=True
fix: removed is_causal=True
fix: removed is_causal=True

Epoch 0:  89%|████████▉ | 56/63 [05:15<00:39,  5.63s/it, v_num=3]
Epoch 0:  89%|████████▉ | 56/63 [05:15<00:39,  5.63s/it, v_num=3]fix: removed is_causal=True
fix: removed is_causal=True
fix: removed is_causal=True

Epoch 0:  90%|█████████ | 57/63 [05:20<00:33,  5.62s/it, v_num=3]
Epoch 0:  90%|█████████ | 57/63 [05:20<00:33,  5.62s/it, v_num=3]fix: removed is_causal=True
fix: removed is_causal=True
fix: removed is_causal=True

Epoch 0:  92%|█████████▏| 58/63 [05:25<00:28,  5.61s/it, v_num=3]
Epoch 0:  92%|█████████▏| 58/63 [05:25<00:28,  5.61s/it, v_num=3]fix: removed is_causal=True
fix: removed is_causal=True
fix: removed is_causal=True

Epoch 0:  94%|█████████▎| 59/63 [05:34<00:22,  5.67s/it, v_num=3]
Epoch 0:  94%|█████████▎| 59/63 [05:34<00:22,  5.67s/it, v_num=3]fix: removed is_causal=True
fix: removed is_causal=True
fix: removed is_causal=True

Epoch 0:  95%|█████████▌| 60/63 [05:39<00:16,  5.65s/it, v_num=3]
Epoch 0:  95%|█████████▌| 60/63 [05:39<00:16,  5.65s/it, v_num=3]fix: removed is_causal=True
fix: removed is_causal=True
fix: removed is_causal=True

Epoch 0:  97%|█████████▋| 61/63 [05:44<00:11,  5.64s/it, v_num=3]
Epoch 0:  97%|█████████▋| 61/63 [05:44<00:11,  5.64s/it, v_num=3]fix: removed is_causal=True
fix: removed is_causal=True
fix: removed is_causal=True

Epoch 0:  98%|█████████▊| 62/63 [05:49<00:05,  5.63s/it, v_num=3]
Epoch 0:  98%|█████████▊| 62/63 [05:49<00:05,  5.63s/it, v_num=3]fix: removed is_causal=True
fix: removed is_causal=True
fix: removed is_causal=True

Epoch 0: 100%|██████████| 63/63 [05:51<00:00,  5.59s/it, v_num=3]
Epoch 0: 100%|██████████| 63/63 [05:51<00:00,  5.59s/it, v_num=3]
Epoch 0: 100%|██████████| 63/63 [05:51<00:00,  5.59s/it, v_num=3]`Trainer.fit` stopped: `max_epochs=1` reached.

Epoch 0: 100%|██████████| 63/63 [05:52<00:00,  5.59s/it, v_num=3]
pytorch version: 2.0.1+cu117
is cuda available: True
cuda version: 11.7
fix: yaml_path = /myDir/config/config_small.yaml
device = cuda
cuda device count = 2
fix: data_path = /myDir/data
fix: log_path =/myDir/logs/lightning_logs/version_3
set max_epochs=1
fix: removed is_causal=True
fix: removed is_causal=True
fix: removed is_causal=True
fix: removed is_causal=True
fix: removed is_causal=True
fix: removed is_causal=True
fix: removed is_causal=True
fix: removed is_causal=True
fix: removed is_causal=True
fix: removed is_causal=True
fix: removed is_causal=True
fix: removed is_causal=True
fix: removed is_causal=True
fix: removed is_causal=True
fix: removed is_causal=True
fix: removed is_causal=True
fix: removed is_causal=True
fix: removed is_causal=True
fix: removed is_causal=True
fix: removed is_causal=True
fix: removed is_causal=True
fix: removed is_causal=True
fix: removed is_causal=True
fix: removed is_causal=True
fix: removed is_causal=True
fix: removed is_causal=True
fix: removed is_causal=True
fix: removed is_causal=True
fix: removed is_causal=True
fix: removed is_causal=True
fix: removed is_causal=True
fix: removed is_causal=True
fix: removed is_causal=True
fix: removed is_causal=True
fix: removed is_causal=True
fix: removed is_causal=True
fix: removed is_causal=True
fix: removed is_causal=True
fix: removed is_causal=True
fix: removed is_causal=True
fix: removed is_causal=True
fix: removed is_causal=True
fix: removed is_causal=True
fix: removed is_causal=True
fix: removed is_causal=True
fix: removed is_causal=True
fix: removed is_causal=True
fix: removed is_causal=True
fix: removed is_causal=True
fix: removed is_causal=True
fix: removed is_causal=True
fix: removed is_causal=True
fix: removed is_causal=True
fix: removed is_causal=True
fix: removed is_causal=True
fix: removed is_causal=True
fix: removed is_causal=True
fix: removed is_causal=True
fix: removed is_causal=True
fix: removed is_causal=True
fix: removed is_causal=True
fix: removed is_causal=True
fix: removed is_causal=True
fix: removed is_causal=True
fix: removed is_causal=True
fix: removed is_causal=True
fix: removed is_causal=True
fix: removed is_causal=True
fix: removed is_causal=True
fix: removed is_causal=True
fix: removed is_causal=True
fix: removed is_causal=True
fix: removed is_causal=True
fix: removed is_causal=True
fix: removed is_causal=True
fix: removed is_causal=True
fix: removed is_causal=True
fix: removed is_causal=True
fix: removed is_causal=True
fix: removed is_causal=True
fix: removed is_causal=True
fix: removed is_causal=True
fix: removed is_causal=True
fix: removed is_causal=True
fix: removed is_causal=True
fix: removed is_causal=True
fix: removed is_causal=True
fix: removed is_causal=True
fix: removed is_causal=True
fix: removed is_causal=True
fix: removed is_causal=True
fix: removed is_causal=True
fix: removed is_causal=True
fix: removed is_causal=True
fix: removed is_causal=True
fix: removed is_causal=True
fix: removed is_causal=True
fix: removed is_causal=True
fix: removed is_causal=True
fix: removed is_causal=True
fix: removed is_causal=True
fix: removed is_causal=True
fix: removed is_causal=True
fix: removed is_causal=True
fix: removed is_causal=True
fix: removed is_causal=True
fix: removed is_causal=True
fix: removed is_causal=True
fix: removed is_causal=True
fix: removed is_causal=True
fix: removed is_causal=True
fix: removed is_causal=True
fix: removed is_causal=True
fix: removed is_causal=True
fix: removed is_causal=True
fix: removed is_causal=True
fix: removed is_causal=True
fix: removed is_causal=True
fix: removed is_causal=True
fix: removed is_causal=True
fix: removed is_causal=True
fix: removed is_causal=True
fix: removed is_causal=True
fix: removed is_causal=True
fix: removed is_causal=True
fix: removed is_causal=True
fix: removed is_causal=True
fix: removed is_causal=True
fix: removed is_causal=True
fix: removed is_causal=True
fix: removed is_causal=True
fix: removed is_causal=True
fix: removed is_causal=True
fix: removed is_causal=True
fix: removed is_causal=True
fix: removed is_causal=True
fix: removed is_causal=True
fix: removed is_causal=True
fix: removed is_causal=True
fix: removed is_causal=True
fix: removed is_causal=True
fix: removed is_causal=True
fix: removed is_causal=True
fix: removed is_causal=True
fix: removed is_causal=True
fix: removed is_causal=True
fix: removed is_causal=True
fix: removed is_causal=True
fix: removed is_causal=True
fix: removed is_causal=True
fix: removed is_causal=True
fix: removed is_causal=True
fix: removed is_causal=True
fix: removed is_causal=True
fix: removed is_causal=True
fix: removed is_causal=True
fix: removed is_causal=True
fix: removed is_causal=True
fix: removed is_causal=True
fix: removed is_causal=True
fix: removed is_causal=True
fix: removed is_causal=True
fix: removed is_causal=True
fix: removed is_causal=True
fix: removed is_causal=True
fix: removed is_causal=True
fix: removed is_causal=True
fix: removed is_causal=True
fix: removed is_causal=True
fix: removed is_causal=True
fix: removed is_causal=True
fix: removed is_causal=True
fix: removed is_causal=True
fix: removed is_causal=True
fix: removed is_causal=True
fix: removed is_causal=True
fix: removed is_causal=True
fix: removed is_causal=True
fix: removed is_causal=True
fix: removed is_causal=True
fix: removed is_causal=True
fix: removed is_causal=True
fix: removed is_causal=True
fix: removed is_causal=True
fix: removed is_causal=True
fix: removed is_causal=True
fix: removed is_causal=True
fix: removed is_causal=True
fix: removed is_causal=True
fix: removed is_causal=True
fix: removed is_causal=True
fix: removed is_causal=True
fix: removed is_causal=True
fix: removed is_causal=True
fix: removed is_causal=True

# 2 gpus