The following modules were not unloaded:
  (Use "module --force purge" to unload all):

  1) CCconfig         4) imkl/2020.1.217    7) libfabric/1.10.1
  2) gentoo/2020      5) intel/2020.1.217   8) openmpi/4.0.3
  3) gcccore/.9.3.0   6) ucx/1.8.0          9) StdEnv/2020
INFO:    underlay of /etc/localtime required more than 50 (68) bind mounts
INFO:    underlay of /usr/bin/nvidia-smi required more than 50 (206) bind mounts
/opt/conda/lib/python3.10/site-packages/torchvision/io/image.py:13: UserWarning: Failed to load image Python extension: libtorch_cuda_cu.so: cannot open shared object file: No such file or directory
  warn(f"Failed to load image Python extension: {e}")
Using 16bit Automatic Mixed Precision (AMP)
GPU available: True (cuda), used: True
TPU available: False, using: 0 TPU cores
IPU available: False, using: 0 IPUs
HPU available: False, using: 0 HPUs
/opt/conda/lib/python3.10/site-packages/pytorch_lightning/trainer/configuration_validator.py:70: UserWarning: You passed in a `val_dataloader` but have no `validation_step`. Skipping val loop.
  rank_zero_warn("You passed in a `val_dataloader` but have no `validation_step`. Skipping val loop.")
LOCAL_RANK: 0 - CUDA_VISIBLE_DEVICES: [0]

  | Name      | Type                  | Params | In sizes | Out sizes
---------------------------------------------------------------------------
0 | model     | RydbergEncoderDecoder | 66.6 K | ?        | ?        
1 | criterion | NLLLoss               | 0      | ?        | ?        
---------------------------------------------------------------------------
66.6 K    Trainable params
0         Non-trainable params
66.6 K    Total params
0.266     Total estimated model params size (MB)
/opt/conda/lib/python3.10/site-packages/pytorch_lightning/trainer/connectors/data_connector.py:430: PossibleUserWarning: The dataloader, train_dataloader, does not have many workers which may be a bottleneck. Consider increasing the value of the `num_workers` argument` (try 40 which is the number of cpus on this machine) in the `DataLoader` init to improve performance.
  rank_zero_warn(
pytorch version: 2.0.1+cu117
is cuda available: True
cuda version: 11.7
fix: yaml_path = /myDir/config/config_small.yaml
device = cuda
cuda device count = 1
fix: data_path = /myDir/data
fix: log_path =/myDir/logs/lightning_logs/version_2
set max_epochs=1
fix: removed is_causal=True
fix: removed is_causal=True
fix: removed is_causal=True
fix: removed is_causal=True
fix: removed is_causal=True
fix: removed is_causal=True

Training: 0it [00:00, ?it/s]Swapping scheduler `CosineAnnealingWarmRestarts` for `SWALR`

Training:   0%|          | 0/125 [00:00<?, ?it/s]
Epoch 0:   0%|          | 0/125 [00:00<?, ?it/s] fix: removed is_causal=True
fix: removed is_causal=True
fix: removed is_causal=True

Epoch 0:   1%|          | 1/125 [00:03<06:42,  3.24s/it]
Epoch 0:   1%|          | 1/125 [00:03<06:42,  3.24s/it, v_num=2]STAGE:2023-05-09 23:43:35 21389:21389 ActivityProfilerController.cpp:311] Completed Stage: Warm Up
fix: removed is_causal=True
fix: removed is_causal=True
fix: removed is_causal=True

Epoch 0:   2%|▏         | 2/125 [00:05<05:54,  2.88s/it, v_num=2]
Epoch 0:   2%|▏         | 2/125 [00:05<05:54,  2.88s/it, v_num=2]fix: removed is_causal=True
fix: removed is_causal=True
fix: removed is_causal=True

Epoch 0:   2%|▏         | 3/125 [00:08<05:34,  2.74s/it, v_num=2]
Epoch 0:   2%|▏         | 3/125 [00:08<05:34,  2.75s/it, v_num=2]fix: removed is_causal=True
fix: removed is_causal=True
fix: removed is_causal=True

Epoch 0:   3%|▎         | 4/125 [00:10<05:24,  2.68s/it, v_num=2]
Epoch 0:   3%|▎         | 4/125 [00:10<05:24,  2.68s/it, v_num=2]STAGE:2023-05-09 23:43:43 21389:21389 ActivityProfilerController.cpp:317] Completed Stage: Collection
STAGE:2023-05-09 23:43:43 21389:21389 ActivityProfilerController.cpp:321] Completed Stage: Post Processing
[W collection.cpp:496] Warning: [pl][profile][LightningModule]RydbergGPTTrainer.optimizer_step (function operator())
fix: removed is_causal=True
fix: removed is_causal=True
fix: removed is_causal=True

Epoch 0:   4%|▍         | 5/125 [00:15<06:14,  3.12s/it, v_num=2]
Epoch 0:   4%|▍         | 5/125 [00:15<06:14,  3.12s/it, v_num=2]fix: removed is_causal=True
fix: removed is_causal=True
fix: removed is_causal=True

Epoch 0:   5%|▍         | 6/125 [00:18<05:57,  3.00s/it, v_num=2]
Epoch 0:   5%|▍         | 6/125 [00:18<05:57,  3.00s/it, v_num=2]fix: removed is_causal=True
fix: removed is_causal=True
fix: removed is_causal=True

Epoch 0:   6%|▌         | 7/125 [00:20<05:45,  2.93s/it, v_num=2]
Epoch 0:   6%|▌         | 7/125 [00:20<05:45,  2.93s/it, v_num=2]fix: removed is_causal=True
fix: removed is_causal=True
fix: removed is_causal=True

Epoch 0:   6%|▋         | 8/125 [00:22<05:35,  2.87s/it, v_num=2]
Epoch 0:   6%|▋         | 8/125 [00:22<05:35,  2.87s/it, v_num=2]fix: removed is_causal=True
fix: removed is_causal=True
fix: removed is_causal=True

Epoch 0:   7%|▋         | 9/125 [00:26<05:38,  2.92s/it, v_num=2]
Epoch 0:   7%|▋         | 9/125 [00:26<05:38,  2.92s/it, v_num=2]fix: removed is_causal=True
fix: removed is_causal=True
fix: removed is_causal=True

Epoch 0:   8%|▊         | 10/125 [00:28<05:30,  2.87s/it, v_num=2]
Epoch 0:   8%|▊         | 10/125 [00:28<05:30,  2.87s/it, v_num=2]fix: removed is_causal=True
fix: removed is_causal=True
fix: removed is_causal=True

Epoch 0:   9%|▉         | 11/125 [00:31<05:23,  2.84s/it, v_num=2]
Epoch 0:   9%|▉         | 11/125 [00:31<05:23,  2.84s/it, v_num=2]fix: removed is_causal=True
fix: removed is_causal=True
fix: removed is_causal=True

Epoch 0:  10%|▉         | 12/125 [00:33<05:17,  2.81s/it, v_num=2]
Epoch 0:  10%|▉         | 12/125 [00:33<05:17,  2.81s/it, v_num=2]fix: removed is_causal=True
fix: removed is_causal=True
fix: removed is_causal=True

Epoch 0:  10%|█         | 13/125 [00:36<05:11,  2.78s/it, v_num=2]
Epoch 0:  10%|█         | 13/125 [00:36<05:11,  2.78s/it, v_num=2]fix: removed is_causal=True
fix: removed is_causal=True
fix: removed is_causal=True

Epoch 0:  11%|█         | 14/125 [00:38<05:06,  2.76s/it, v_num=2]
Epoch 0:  11%|█         | 14/125 [00:38<05:06,  2.76s/it, v_num=2]fix: removed is_causal=True
fix: removed is_causal=True
fix: removed is_causal=True

Epoch 0:  12%|█▏        | 15/125 [00:41<05:01,  2.74s/it, v_num=2]
Epoch 0:  12%|█▏        | 15/125 [00:41<05:01,  2.74s/it, v_num=2]fix: removed is_causal=True
fix: removed is_causal=True
fix: removed is_causal=True

Epoch 0:  13%|█▎        | 16/125 [00:45<05:10,  2.85s/it, v_num=2]
Epoch 0:  13%|█▎        | 16/125 [00:45<05:10,  2.85s/it, v_num=2]fix: removed is_causal=True
fix: removed is_causal=True
fix: removed is_causal=True

Epoch 0:  14%|█▎        | 17/125 [00:48<05:05,  2.83s/it, v_num=2]
Epoch 0:  14%|█▎        | 17/125 [00:48<05:05,  2.83s/it, v_num=2]fix: removed is_causal=True
fix: removed is_causal=True
fix: removed is_causal=True

Epoch 0:  14%|█▍        | 18/125 [00:50<05:00,  2.81s/it, v_num=2]
Epoch 0:  14%|█▍        | 18/125 [00:50<05:00,  2.81s/it, v_num=2]fix: removed is_causal=True
fix: removed is_causal=True
fix: removed is_causal=True

Epoch 0:  15%|█▌        | 19/125 [00:52<04:55,  2.79s/it, v_num=2]
Epoch 0:  15%|█▌        | 19/125 [00:52<04:55,  2.79s/it, v_num=2]fix: removed is_causal=True
fix: removed is_causal=True
fix: removed is_causal=True

Epoch 0:  16%|█▌        | 20/125 [00:55<04:51,  2.77s/it, v_num=2]
Epoch 0:  16%|█▌        | 20/125 [00:55<04:51,  2.77s/it, v_num=2]fix: removed is_causal=True
fix: removed is_causal=True
fix: removed is_causal=True

Epoch 0:  17%|█▋        | 21/125 [00:57<04:46,  2.76s/it, v_num=2]
Epoch 0:  17%|█▋        | 21/125 [00:57<04:46,  2.76s/it, v_num=2]fix: removed is_causal=True
fix: removed is_causal=True
fix: removed is_causal=True

Epoch 0:  18%|█▊        | 22/125 [01:00<04:42,  2.74s/it, v_num=2]
Epoch 0:  18%|█▊        | 22/125 [01:00<04:42,  2.74s/it, v_num=2]fix: removed is_causal=True
fix: removed is_causal=True
fix: removed is_causal=True

Epoch 0:  18%|█▊        | 23/125 [01:04<04:46,  2.81s/it, v_num=2]
Epoch 0:  18%|█▊        | 23/125 [01:04<04:46,  2.81s/it, v_num=2]fix: removed is_causal=True
fix: removed is_causal=True
fix: removed is_causal=True

Epoch 0:  19%|█▉        | 24/125 [01:06<04:41,  2.79s/it, v_num=2]
Epoch 0:  19%|█▉        | 24/125 [01:06<04:41,  2.79s/it, v_num=2]fix: removed is_causal=True
fix: removed is_causal=True
fix: removed is_causal=True

Epoch 0:  20%|██        | 25/125 [01:09<04:37,  2.78s/it, v_num=2]
Epoch 0:  20%|██        | 25/125 [01:09<04:37,  2.78s/it, v_num=2]fix: removed is_causal=True
fix: removed is_causal=True
fix: removed is_causal=True

Epoch 0:  21%|██        | 26/125 [01:11<04:34,  2.77s/it, v_num=2]
Epoch 0:  21%|██        | 26/125 [01:11<04:34,  2.77s/it, v_num=2]fix: removed is_causal=True
fix: removed is_causal=True
fix: removed is_causal=True

Epoch 0:  22%|██▏       | 27/125 [01:14<04:30,  2.76s/it, v_num=2]
Epoch 0:  22%|██▏       | 27/125 [01:14<04:30,  2.76s/it, v_num=2]fix: removed is_causal=True
fix: removed is_causal=True
fix: removed is_causal=True

Epoch 0:  22%|██▏       | 28/125 [01:16<04:26,  2.75s/it, v_num=2]
Epoch 0:  22%|██▏       | 28/125 [01:16<04:26,  2.75s/it, v_num=2]fix: removed is_causal=True
fix: removed is_causal=True
fix: removed is_causal=True

Epoch 0:  23%|██▎       | 29/125 [01:19<04:22,  2.74s/it, v_num=2]
Epoch 0:  23%|██▎       | 29/125 [01:19<04:22,  2.74s/it, v_num=2]fix: removed is_causal=True
fix: removed is_causal=True
fix: removed is_causal=True

Epoch 0:  24%|██▍       | 30/125 [01:23<04:25,  2.79s/it, v_num=2]
Epoch 0:  24%|██▍       | 30/125 [01:23<04:25,  2.79s/it, v_num=2]fix: removed is_causal=True
fix: removed is_causal=True
fix: removed is_causal=True

Epoch 0:  25%|██▍       | 31/125 [01:26<04:21,  2.78s/it, v_num=2]
Epoch 0:  25%|██▍       | 31/125 [01:26<04:21,  2.78s/it, v_num=2]fix: removed is_causal=True
fix: removed is_causal=True
fix: removed is_causal=True

Epoch 0:  26%|██▌       | 32/125 [01:28<04:17,  2.77s/it, v_num=2]
Epoch 0:  26%|██▌       | 32/125 [01:28<04:17,  2.77s/it, v_num=2]fix: removed is_causal=True
fix: removed is_causal=True
fix: removed is_causal=True

Epoch 0:  26%|██▋       | 33/125 [01:30<04:13,  2.76s/it, v_num=2]
Epoch 0:  26%|██▋       | 33/125 [01:30<04:13,  2.76s/it, v_num=2]fix: removed is_causal=True
fix: removed is_causal=True
fix: removed is_causal=True

Epoch 0:  27%|██▋       | 34/125 [01:33<04:10,  2.75s/it, v_num=2]
Epoch 0:  27%|██▋       | 34/125 [01:33<04:10,  2.75s/it, v_num=2]fix: removed is_causal=True
fix: removed is_causal=True
fix: removed is_causal=True

Epoch 0:  28%|██▊       | 35/125 [01:35<04:06,  2.74s/it, v_num=2]
Epoch 0:  28%|██▊       | 35/125 [01:35<04:06,  2.74s/it, v_num=2]fix: removed is_causal=True
fix: removed is_causal=True
fix: removed is_causal=True

Epoch 0:  29%|██▉       | 36/125 [01:38<04:03,  2.73s/it, v_num=2]
Epoch 0:  29%|██▉       | 36/125 [01:38<04:03,  2.73s/it, v_num=2]fix: removed is_causal=True
fix: removed is_causal=True
fix: removed is_causal=True

Epoch 0:  30%|██▉       | 37/125 [01:42<04:03,  2.77s/it, v_num=2]
Epoch 0:  30%|██▉       | 37/125 [01:42<04:03,  2.77s/it, v_num=2]fix: removed is_causal=True
fix: removed is_causal=True
fix: removed is_causal=True

Epoch 0:  30%|███       | 38/125 [01:44<04:00,  2.76s/it, v_num=2]
Epoch 0:  30%|███       | 38/125 [01:44<04:00,  2.76s/it, v_num=2]fix: removed is_causal=True
fix: removed is_causal=True
fix: removed is_causal=True

Epoch 0:  31%|███       | 39/125 [01:47<03:56,  2.75s/it, v_num=2]
Epoch 0:  31%|███       | 39/125 [01:47<03:56,  2.75s/it, v_num=2]fix: removed is_causal=True
fix: removed is_causal=True
fix: removed is_causal=True

Epoch 0:  32%|███▏      | 40/125 [01:49<03:53,  2.74s/it, v_num=2]
Epoch 0:  32%|███▏      | 40/125 [01:49<03:53,  2.74s/it, v_num=2]fix: removed is_causal=True
fix: removed is_causal=True
fix: removed is_causal=True

Epoch 0:  33%|███▎      | 41/125 [01:52<03:49,  2.74s/it, v_num=2]
Epoch 0:  33%|███▎      | 41/125 [01:52<03:49,  2.74s/it, v_num=2]fix: removed is_causal=True
fix: removed is_causal=True
fix: removed is_causal=True

Epoch 0:  34%|███▎      | 42/125 [01:54<03:46,  2.73s/it, v_num=2]
Epoch 0:  34%|███▎      | 42/125 [01:54<03:46,  2.73s/it, v_num=2]fix: removed is_causal=True
fix: removed is_causal=True
fix: removed is_causal=True

Epoch 0:  34%|███▍      | 43/125 [01:57<03:43,  2.72s/it, v_num=2]
Epoch 0:  34%|███▍      | 43/125 [01:57<03:43,  2.72s/it, v_num=2]fix: removed is_causal=True
fix: removed is_causal=True
fix: removed is_causal=True

Epoch 0:  35%|███▌      | 44/125 [02:01<03:43,  2.76s/it, v_num=2]
Epoch 0:  35%|███▌      | 44/125 [02:01<03:43,  2.76s/it, v_num=2]fix: removed is_causal=True
fix: removed is_causal=True
fix: removed is_causal=True

Epoch 0:  36%|███▌      | 45/125 [02:03<03:39,  2.75s/it, v_num=2]
Epoch 0:  36%|███▌      | 45/125 [02:03<03:39,  2.75s/it, v_num=2]fix: removed is_causal=True
fix: removed is_causal=True
fix: removed is_causal=True

Epoch 0:  37%|███▋      | 46/125 [02:06<03:36,  2.74s/it, v_num=2]
Epoch 0:  37%|███▋      | 46/125 [02:06<03:36,  2.74s/it, v_num=2]fix: removed is_causal=True
fix: removed is_causal=True
fix: removed is_causal=True

Epoch 0:  38%|███▊      | 47/125 [02:08<03:33,  2.73s/it, v_num=2]
Epoch 0:  38%|███▊      | 47/125 [02:08<03:33,  2.73s/it, v_num=2]fix: removed is_causal=True
fix: removed is_causal=True
fix: removed is_causal=True

Epoch 0:  38%|███▊      | 48/125 [02:10<03:30,  2.73s/it, v_num=2]
Epoch 0:  38%|███▊      | 48/125 [02:10<03:30,  2.73s/it, v_num=2]fix: removed is_causal=True
fix: removed is_causal=True
fix: removed is_causal=True

Epoch 0:  39%|███▉      | 49/125 [02:13<03:26,  2.72s/it, v_num=2]
Epoch 0:  39%|███▉      | 49/125 [02:13<03:26,  2.72s/it, v_num=2]fix: removed is_causal=True
fix: removed is_causal=True
fix: removed is_causal=True

Epoch 0:  40%|████      | 50/125 [02:16<03:24,  2.73s/it, v_num=2]
Epoch 0:  40%|████      | 50/125 [02:16<03:24,  2.73s/it, v_num=2]fix: removed is_causal=True
fix: removed is_causal=True
fix: removed is_causal=True

Epoch 0:  41%|████      | 51/125 [02:18<03:21,  2.72s/it, v_num=2]
Epoch 0:  41%|████      | 51/125 [02:18<03:21,  2.72s/it, v_num=2]fix: removed is_causal=True
fix: removed is_causal=True
fix: removed is_causal=True

Epoch 0:  42%|████▏     | 52/125 [02:23<03:20,  2.75s/it, v_num=2]
Epoch 0:  42%|████▏     | 52/125 [02:23<03:20,  2.75s/it, v_num=2]fix: removed is_causal=True
fix: removed is_causal=True
fix: removed is_causal=True

Epoch 0:  42%|████▏     | 53/125 [02:25<03:17,  2.75s/it, v_num=2]
Epoch 0:  42%|████▏     | 53/125 [02:25<03:17,  2.75s/it, v_num=2]fix: removed is_causal=True
fix: removed is_causal=True
fix: removed is_causal=True

Epoch 0:  43%|████▎     | 54/125 [02:27<03:14,  2.74s/it, v_num=2]
Epoch 0:  43%|████▎     | 54/125 [02:27<03:14,  2.74s/it, v_num=2]fix: removed is_causal=True
fix: removed is_causal=True
fix: removed is_causal=True

Epoch 0:  44%|████▍     | 55/125 [02:30<03:11,  2.74s/it, v_num=2]
Epoch 0:  44%|████▍     | 55/125 [02:30<03:11,  2.74s/it, v_num=2]fix: removed is_causal=True
fix: removed is_causal=True
fix: removed is_causal=True

Epoch 0:  45%|████▍     | 56/125 [02:32<03:08,  2.73s/it, v_num=2]
Epoch 0:  45%|████▍     | 56/125 [02:32<03:08,  2.73s/it, v_num=2]fix: removed is_causal=True
fix: removed is_causal=True
fix: removed is_causal=True

Epoch 0:  46%|████▌     | 57/125 [02:35<03:05,  2.72s/it, v_num=2]
Epoch 0:  46%|████▌     | 57/125 [02:35<03:05,  2.72s/it, v_num=2]fix: removed is_causal=True
fix: removed is_causal=True
fix: removed is_causal=True

Epoch 0:  46%|████▋     | 58/125 [02:37<03:02,  2.72s/it, v_num=2]
Epoch 0:  46%|████▋     | 58/125 [02:37<03:02,  2.72s/it, v_num=2]fix: removed is_causal=True
fix: removed is_causal=True
fix: removed is_causal=True

Epoch 0:  47%|████▋     | 59/125 [02:41<03:01,  2.74s/it, v_num=2]
Epoch 0:  47%|████▋     | 59/125 [02:41<03:01,  2.74s/it, v_num=2]fix: removed is_causal=True
fix: removed is_causal=True
fix: removed is_causal=True

Epoch 0:  48%|████▊     | 60/125 [02:44<02:57,  2.74s/it, v_num=2]
Epoch 0:  48%|████▊     | 60/125 [02:44<02:57,  2.74s/it, v_num=2]fix: removed is_causal=True
fix: removed is_causal=True
fix: removed is_causal=True

Epoch 0:  49%|████▉     | 61/125 [02:46<02:54,  2.73s/it, v_num=2]
Epoch 0:  49%|████▉     | 61/125 [02:46<02:54,  2.73s/it, v_num=2]fix: removed is_causal=True
fix: removed is_causal=True
fix: removed is_causal=True

Epoch 0:  50%|████▉     | 62/125 [02:49<02:51,  2.73s/it, v_num=2]
Epoch 0:  50%|████▉     | 62/125 [02:49<02:51,  2.73s/it, v_num=2]fix: removed is_causal=True
fix: removed is_causal=True
fix: removed is_causal=True

Epoch 0:  50%|█████     | 63/125 [02:51<02:48,  2.72s/it, v_num=2]
Epoch 0:  50%|█████     | 63/125 [02:51<02:48,  2.72s/it, v_num=2]fix: removed is_causal=True
fix: removed is_causal=True
fix: removed is_causal=True

Epoch 0:  51%|█████     | 64/125 [02:53<02:45,  2.72s/it, v_num=2]
Epoch 0:  51%|█████     | 64/125 [02:53<02:45,  2.72s/it, v_num=2]fix: removed is_causal=True
fix: removed is_causal=True
fix: removed is_causal=True

Epoch 0:  52%|█████▏    | 65/125 [02:56<02:42,  2.71s/it, v_num=2]
Epoch 0:  52%|█████▏    | 65/125 [02:56<02:42,  2.71s/it, v_num=2]fix: removed is_causal=True
fix: removed is_causal=True
fix: removed is_causal=True

Epoch 0:  53%|█████▎    | 66/125 [03:00<02:41,  2.74s/it, v_num=2]
Epoch 0:  53%|█████▎    | 66/125 [03:00<02:41,  2.74s/it, v_num=2]fix: removed is_causal=True
fix: removed is_causal=True
fix: removed is_causal=True

Epoch 0:  54%|█████▎    | 67/125 [03:02<02:38,  2.73s/it, v_num=2]
Epoch 0:  54%|█████▎    | 67/125 [03:02<02:38,  2.73s/it, v_num=2]fix: removed is_causal=True
fix: removed is_causal=True
fix: removed is_causal=True

Epoch 0:  54%|█████▍    | 68/125 [03:05<02:35,  2.73s/it, v_num=2]
Epoch 0:  54%|█████▍    | 68/125 [03:05<02:35,  2.73s/it, v_num=2]fix: removed is_causal=True
fix: removed is_causal=True
fix: removed is_causal=True

Epoch 0:  55%|█████▌    | 69/125 [03:07<02:32,  2.72s/it, v_num=2]
Epoch 0:  55%|█████▌    | 69/125 [03:07<02:32,  2.72s/it, v_num=2]fix: removed is_causal=True
fix: removed is_causal=True
fix: removed is_causal=True

Epoch 0:  56%|█████▌    | 70/125 [03:10<02:29,  2.72s/it, v_num=2]
Epoch 0:  56%|█████▌    | 70/125 [03:10<02:29,  2.72s/it, v_num=2]fix: removed is_causal=True
fix: removed is_causal=True
fix: removed is_causal=True

Epoch 0:  57%|█████▋    | 71/125 [03:12<02:26,  2.71s/it, v_num=2]
Epoch 0:  57%|█████▋    | 71/125 [03:12<02:26,  2.71s/it, v_num=2]fix: removed is_causal=True
fix: removed is_causal=True
fix: removed is_causal=True

Epoch 0:  58%|█████▊    | 72/125 [03:15<02:23,  2.71s/it, v_num=2]
Epoch 0:  58%|█████▊    | 72/125 [03:15<02:23,  2.71s/it, v_num=2]fix: removed is_causal=True
fix: removed is_causal=True
fix: removed is_causal=True

Epoch 0:  58%|█████▊    | 73/125 [03:19<02:21,  2.73s/it, v_num=2]
Epoch 0:  58%|█████▊    | 73/125 [03:19<02:21,  2.73s/it, v_num=2]fix: removed is_causal=True
fix: removed is_causal=True
fix: removed is_causal=True

Epoch 0:  59%|█████▉    | 74/125 [03:21<02:18,  2.72s/it, v_num=2]
Epoch 0:  59%|█████▉    | 74/125 [03:21<02:18,  2.72s/it, v_num=2]fix: removed is_causal=True
fix: removed is_causal=True
fix: removed is_causal=True

Epoch 0:  60%|██████    | 75/125 [03:24<02:16,  2.72s/it, v_num=2]
Epoch 0:  60%|██████    | 75/125 [03:24<02:16,  2.72s/it, v_num=2]fix: removed is_causal=True
fix: removed is_causal=True
fix: removed is_causal=True

Epoch 0:  61%|██████    | 76/125 [03:26<02:13,  2.72s/it, v_num=2]
Epoch 0:  61%|██████    | 76/125 [03:26<02:13,  2.72s/it, v_num=2]fix: removed is_causal=True
fix: removed is_causal=True
fix: removed is_causal=True

Epoch 0:  62%|██████▏   | 77/125 [03:28<02:10,  2.71s/it, v_num=2]
Epoch 0:  62%|██████▏   | 77/125 [03:28<02:10,  2.71s/it, v_num=2]fix: removed is_causal=True
fix: removed is_causal=True
fix: removed is_causal=True

Epoch 0:  62%|██████▏   | 78/125 [03:31<02:07,  2.71s/it, v_num=2]
Epoch 0:  62%|██████▏   | 78/125 [03:31<02:07,  2.71s/it, v_num=2]fix: removed is_causal=True
fix: removed is_causal=True
fix: removed is_causal=True

Epoch 0:  63%|██████▎   | 79/125 [03:33<02:04,  2.71s/it, v_num=2]
Epoch 0:  63%|██████▎   | 79/125 [03:33<02:04,  2.71s/it, v_num=2]fix: removed is_causal=True
fix: removed is_causal=True
fix: removed is_causal=True

Epoch 0:  64%|██████▍   | 80/125 [03:37<02:02,  2.72s/it, v_num=2]
Epoch 0:  64%|██████▍   | 80/125 [03:37<02:02,  2.72s/it, v_num=2]fix: removed is_causal=True
fix: removed is_causal=True
fix: removed is_causal=True

Epoch 0:  65%|██████▍   | 81/125 [03:40<01:59,  2.72s/it, v_num=2]
Epoch 0:  65%|██████▍   | 81/125 [03:40<01:59,  2.72s/it, v_num=2]fix: removed is_causal=True
fix: removed is_causal=True
fix: removed is_causal=True

Epoch 0:  66%|██████▌   | 82/125 [03:42<01:56,  2.71s/it, v_num=2]
Epoch 0:  66%|██████▌   | 82/125 [03:42<01:56,  2.71s/it, v_num=2]fix: removed is_causal=True
fix: removed is_causal=True
fix: removed is_causal=True

Epoch 0:  66%|██████▋   | 83/125 [03:45<01:53,  2.71s/it, v_num=2]
Epoch 0:  66%|██████▋   | 83/125 [03:45<01:53,  2.71s/it, v_num=2]fix: removed is_causal=True
fix: removed is_causal=True
fix: removed is_causal=True

Epoch 0:  67%|██████▋   | 84/125 [03:47<01:51,  2.71s/it, v_num=2]
Epoch 0:  67%|██████▋   | 84/125 [03:47<01:51,  2.71s/it, v_num=2]fix: removed is_causal=True
fix: removed is_causal=True
fix: removed is_causal=True

Epoch 0:  68%|██████▊   | 85/125 [03:50<01:48,  2.71s/it, v_num=2]
Epoch 0:  68%|██████▊   | 85/125 [03:50<01:48,  2.71s/it, v_num=2]fix: removed is_causal=True
fix: removed is_causal=True
fix: removed is_causal=True

Epoch 0:  69%|██████▉   | 86/125 [03:52<01:45,  2.70s/it, v_num=2]
Epoch 0:  69%|██████▉   | 86/125 [03:52<01:45,  2.70s/it, v_num=2]fix: removed is_causal=True
fix: removed is_causal=True
fix: removed is_causal=True

Epoch 0:  70%|██████▉   | 87/125 [03:56<01:43,  2.72s/it, v_num=2]
Epoch 0:  70%|██████▉   | 87/125 [03:56<01:43,  2.72s/it, v_num=2]fix: removed is_causal=True
fix: removed is_causal=True
fix: removed is_causal=True

Epoch 0:  70%|███████   | 88/125 [03:59<01:40,  2.72s/it, v_num=2]
Epoch 0:  70%|███████   | 88/125 [03:59<01:40,  2.72s/it, v_num=2]fix: removed is_causal=True
fix: removed is_causal=True
fix: removed is_causal=True

Epoch 0:  71%|███████   | 89/125 [04:01<01:37,  2.71s/it, v_num=2]
Epoch 0:  71%|███████   | 89/125 [04:01<01:37,  2.71s/it, v_num=2]fix: removed is_causal=True
fix: removed is_causal=True
fix: removed is_causal=True

Epoch 0:  72%|███████▏  | 90/125 [04:03<01:34,  2.71s/it, v_num=2]
Epoch 0:  72%|███████▏  | 90/125 [04:03<01:34,  2.71s/it, v_num=2]fix: removed is_causal=True
fix: removed is_causal=True
fix: removed is_causal=True

Epoch 0:  73%|███████▎  | 91/125 [04:06<01:32,  2.71s/it, v_num=2]
Epoch 0:  73%|███████▎  | 91/125 [04:06<01:32,  2.71s/it, v_num=2]fix: removed is_causal=True
fix: removed is_causal=True
fix: removed is_causal=True

Epoch 0:  74%|███████▎  | 92/125 [04:08<01:29,  2.71s/it, v_num=2]
Epoch 0:  74%|███████▎  | 92/125 [04:08<01:29,  2.71s/it, v_num=2]fix: removed is_causal=True
fix: removed is_causal=True
fix: removed is_causal=True

Epoch 0:  74%|███████▍  | 93/125 [04:11<01:26,  2.70s/it, v_num=2]
Epoch 0:  74%|███████▍  | 93/125 [04:11<01:26,  2.70s/it, v_num=2]fix: removed is_causal=True
fix: removed is_causal=True
fix: removed is_causal=True

Epoch 0:  75%|███████▌  | 94/125 [04:15<01:24,  2.72s/it, v_num=2]
Epoch 0:  75%|███████▌  | 94/125 [04:15<01:24,  2.72s/it, v_num=2]fix: removed is_causal=True
fix: removed is_causal=True
fix: removed is_causal=True

Epoch 0:  76%|███████▌  | 95/125 [04:18<01:21,  2.72s/it, v_num=2]
Epoch 0:  76%|███████▌  | 95/125 [04:18<01:21,  2.72s/it, v_num=2]fix: removed is_causal=True
fix: removed is_causal=True
fix: removed is_causal=True

Epoch 0:  77%|███████▋  | 96/125 [04:20<01:18,  2.71s/it, v_num=2]
Epoch 0:  77%|███████▋  | 96/125 [04:20<01:18,  2.71s/it, v_num=2]fix: removed is_causal=True
fix: removed is_causal=True
fix: removed is_causal=True

Epoch 0:  78%|███████▊  | 97/125 [04:22<01:15,  2.71s/it, v_num=2]
Epoch 0:  78%|███████▊  | 97/125 [04:22<01:15,  2.71s/it, v_num=2]fix: removed is_causal=True
fix: removed is_causal=True
fix: removed is_causal=True

Epoch 0:  78%|███████▊  | 98/125 [04:25<01:13,  2.71s/it, v_num=2]
Epoch 0:  78%|███████▊  | 98/125 [04:25<01:13,  2.71s/it, v_num=2]fix: removed is_causal=True
fix: removed is_causal=True
fix: removed is_causal=True

Epoch 0:  79%|███████▉  | 99/125 [04:27<01:10,  2.70s/it, v_num=2]
Epoch 0:  79%|███████▉  | 99/125 [04:27<01:10,  2.70s/it, v_num=2]fix: removed is_causal=True
fix: removed is_causal=True
fix: removed is_causal=True

Epoch 0:  80%|████████  | 100/125 [04:30<01:07,  2.71s/it, v_num=2]
Epoch 0:  80%|████████  | 100/125 [04:30<01:07,  2.71s/it, v_num=2]fix: removed is_causal=True
fix: removed is_causal=True
fix: removed is_causal=True

Epoch 0:  81%|████████  | 101/125 [04:33<01:04,  2.71s/it, v_num=2]
Epoch 0:  81%|████████  | 101/125 [04:33<01:04,  2.71s/it, v_num=2]fix: removed is_causal=True
fix: removed is_causal=True
fix: removed is_causal=True

Epoch 0:  82%|████████▏ | 102/125 [04:37<01:02,  2.72s/it, v_num=2]
Epoch 0:  82%|████████▏ | 102/125 [04:37<01:02,  2.72s/it, v_num=2]fix: removed is_causal=True
fix: removed is_causal=True
fix: removed is_causal=True

Epoch 0:  82%|████████▏ | 103/125 [04:39<00:59,  2.72s/it, v_num=2]
Epoch 0:  82%|████████▏ | 103/125 [04:39<00:59,  2.72s/it, v_num=2]fix: removed is_causal=True
fix: removed is_causal=True
fix: removed is_causal=True

Epoch 0:  83%|████████▎ | 104/125 [04:42<00:56,  2.71s/it, v_num=2]
Epoch 0:  83%|████████▎ | 104/125 [04:42<00:56,  2.71s/it, v_num=2]fix: removed is_causal=True
fix: removed is_causal=True
fix: removed is_causal=True

Epoch 0:  84%|████████▍ | 105/125 [04:44<00:54,  2.71s/it, v_num=2]
Epoch 0:  84%|████████▍ | 105/125 [04:44<00:54,  2.71s/it, v_num=2]fix: removed is_causal=True
fix: removed is_causal=True
fix: removed is_causal=True

Epoch 0:  85%|████████▍ | 106/125 [04:47<00:51,  2.71s/it, v_num=2]
Epoch 0:  85%|████████▍ | 106/125 [04:47<00:51,  2.71s/it, v_num=2]fix: removed is_causal=True
fix: removed is_causal=True
fix: removed is_causal=True

Epoch 0:  86%|████████▌ | 107/125 [04:49<00:48,  2.71s/it, v_num=2]
Epoch 0:  86%|████████▌ | 107/125 [04:49<00:48,  2.71s/it, v_num=2]fix: removed is_causal=True
fix: removed is_causal=True
fix: removed is_causal=True

Epoch 0:  86%|████████▋ | 108/125 [04:52<00:45,  2.70s/it, v_num=2]
Epoch 0:  86%|████████▋ | 108/125 [04:52<00:45,  2.70s/it, v_num=2]fix: removed is_causal=True
fix: removed is_causal=True
fix: removed is_causal=True

Epoch 0:  87%|████████▋ | 109/125 [04:56<00:43,  2.72s/it, v_num=2]
Epoch 0:  87%|████████▋ | 109/125 [04:56<00:43,  2.72s/it, v_num=2]fix: removed is_causal=True
fix: removed is_causal=True
fix: removed is_causal=True

Epoch 0:  88%|████████▊ | 110/125 [04:58<00:40,  2.71s/it, v_num=2]
Epoch 0:  88%|████████▊ | 110/125 [04:58<00:40,  2.71s/it, v_num=2]fix: removed is_causal=True
fix: removed is_causal=True
fix: removed is_causal=True

Epoch 0:  89%|████████▉ | 111/125 [05:00<00:37,  2.71s/it, v_num=2]
Epoch 0:  89%|████████▉ | 111/125 [05:00<00:37,  2.71s/it, v_num=2]fix: removed is_causal=True
fix: removed is_causal=True
fix: removed is_causal=True

Epoch 0:  90%|████████▉ | 112/125 [05:03<00:35,  2.71s/it, v_num=2]
Epoch 0:  90%|████████▉ | 112/125 [05:03<00:35,  2.71s/it, v_num=2]slurmstepd: error: *** JOB 6234964 ON gra1338 CANCELLED AT 2023-05-09T23:48:33 DUE TO TIME LIMIT ***

# added /myDir/ to log_path